---
source: code/src/ir/program.rs
expression: "Program::new(vec![],\n    vec![Instruction ::\n        Close(42, vec! [Instruction :: Constant(Operand :: Integer(2045))],)])"
---
# symbols
# instructions
- close 42
  - constant i2045
