---
source: code/src/ir/program.rs
expression: "Program::new(vec![format! (\"{}\", sign)], vec![])"
---
# symbols
- \_
# instructions
