---
source: dag-encoder/src/encode.rs
expression: "encode_to_vec(& Graph ::\nnew(Link :: new(0, 0.0.into(), u32::MAX as f64.into(), false).into(),))"
---
[
    250,
    255,
    255,
    255,
    127,
    0,
    1,
]
