---
source: dag-encoder/src/encode.rs
expression: "encode_to_vec(&Graph::default())"
---
[
    0,
]
