---
source: dag-encoder/src/encode.rs
expression: "encode_to_vec(& Graph ::\nnew(Link :: new(0, 0.0.into(), 42.0.into(), false).into(),))"
---
[
    82,
    2,
    0,
    1,
]
