---
source: dag-encoder/src/encode.rs
expression: "encode_to_vec(&Graph::new(Some(Node::Link\n{ r#type: 0, payload: Payload::Number(0.0), next: None }.into())))"
---
[
    1,
]
