---
source: dag-encoder/src/encode.rs
expression: "encode_to_vec(& Graph ::\nnew(Link :: new(0, 1.0.into(), 0.0.into(), false).into(),))"
---
[
    8,
    0,
    0,
]
