---
source: dag-encoder/src/decode.rs
expression: "decode([].as_slice())"
---
Err(
    MissingNode,
)
