---
source: dag-encoder/src/encode.rs
expression: "encode_to_vec(&Graph::new(Link::new(0, node.clone(), node, false).into()))"
---
[
    1,
    3,
    1,
    0,
    0,
    3,
    1,
    0,
    0,
]
