---
source: dag-encoder/src/encode.rs
expression: "encode_to_vec(& Graph :: new(Link :: new(0, 42.0.into(), 0.0.into()).into(),))"
---
[
    1,
    2,
    82,
    0,
]
