---
source: dag-encoder/src/encode.rs
expression: "encode_to_vec(& Graph ::\nnew(Link :: new(0, u32::MAX as f64.into(), 0.0.into(), false).into(),))"
---
[
    250,
    255,
    255,
    255,
    127,
    0,
    0,
]
